// Jest Snapshot v1, https://goo.gl/fbAQLP

exports[`Navbar persists through the link click 1`] = `
<Navbar>
  <nav
    className="flex justify-between mooveItNavybg"
  >
    <div
      className="link mooveItPink no-underline flex items-center pa3"
      to="/"
    >
      <FontAwesomeIcon
        border={false}
        className="mooveItPinkBorder ba bw1 br-100 mooveItTeal"
        fixedWidth={false}
        flip={null}
        icon={
          Object {
            "icon": Array [
              512,
              512,
              Array [],
              "f017",
              "M256 8C119 8 8 119 8 256s111 248 248 248 248-111 248-248S393 8 256 8zm57.1 350.1L224.9 294c-3.1-2.3-4.9-5.9-4.9-9.7V116c0-6.6 5.4-12 12-12h48c6.6 0 12 5.4 12 12v137.7l63.5 46.2c5.4 3.9 6.5 11.4 2.6 16.8l-28.2 38.8c-3.9 5.3-11.4 6.5-16.8 2.6z",
            ],
            "iconName": "clock",
            "prefix": "fas",
          }
        }
        inverse={false}
        listItem={false}
        mask={null}
        pull={null}
        pulse={false}
        rotation={null}
        size={null}
        spin={false}
        symbol={false}
        transform={null}
      >
        <svg
          aria-hidden="true"
          className="svg-inline--fa fa-clock fa-w-16 mooveItPinkBorder ba bw1 br-100 mooveItTeal"
          data-icon="clock"
          data-prefix="fas"
          role="img"
          style={Object {}}
          viewBox="0 0 512 512"
          xmlns="http://www.w3.org/2000/svg"
        >
          <path
            d="M256 8C119 8 8 119 8 256s111 248 248 248 248-111 248-248S393 8 256 8zm57.1 350.1L224.9 294c-3.1-2.3-4.9-5.9-4.9-9.7V116c0-6.6 5.4-12 12-12h48c6.6 0 12 5.4 12 12v137.7l63.5 46.2c5.4 3.9 6.5 11.4 2.6 16.8l-28.2 38.8c-3.9 5.3-11.4 6.5-16.8 2.6z"
            fill="currentColor"
            style={Object {}}
          />
        </svg>
      </FontAwesomeIcon>
      <h4
        className="pl1"
      >
        Minutero
      </h4>
    </div>
    <a
      href="https://www.moove-it.com"
      rel="noopener noreferrer"
      target="_blank"
    >
      <img
        alt="Moove-it logo"
        className="mooveItNavybg pt4 mt2 h1"
        src={
          Object {
            "process": [Function],
          }
        }
      />
    </a>
    <div
      className="flex-grow pa2 flex items-center"
    >
      <div
        className="shadow-hover h2 flex items-center f6 mooveItPink hover-white bg-animate no-underline pv1 ph3 ma2 br-pill b--black"
      />
    </div>
  </nav>
</Navbar>
`;
